User@Laptop-Home MINGW64 ~/Desktop/basics/0x00-shell_basics (master)
$ ls
0-current_working_directory*  2-bring_me_home*  5-listfilesdigitonly*
1-listit*                     3-listfiles*      README.md
12-file_type*                 4-listmorefiles*

User@Laptop-Home MINGW64 ~/Desktop/basics/0x00-shell_basics (master)
$ ls -pwad
ls: invalid line width: ‘ad’

User@Laptop-Home MINGW64 ~/Desktop/basics/0x00-shell_basics (master)
$ ls -pwd
ls: invalid line width: ‘d’

User@Laptop-Home MINGW64 ~/Desktop/basics/0x00-shell_basics (master)
$ ls -pwa
ls: invalid line width: ‘a’

User@Laptop-Home MINGW64 ~/Desktop/basics/0x00-shell_basics (master)
$ ls -pwl
ls: invalid line width: ‘l’

User@Laptop-Home MINGW64 ~/Desktop/basics/0x00-shell_basics (master)
$ ls -p
0-current_working_directory  12-file_type     3-listfiles      5-listfilesdigitonly
1-listit                     2-bring_me_home  4-listmorefiles  README.md

User@Laptop-Home MINGW64 ~/Desktop/basics/0x00-shell_basics (master)
$ ls -p -m
0-current_working_directory, 1-listit, 12-file_type, 2-bring_me_home, 3-listfiles,
4-listmorefiles, 5-listfilesdigitonly, README.md

User@Laptop-Home MINGW64 ~/Desktop/basics/0x00-shell_basics (master)
$ ls -la -p -m
./, ../, 0-current_working_directory, 1-listit, 12-file_type, 2-bring_me_home,
3-listfiles, 4-listmorefiles, 5-listfilesdigitonly, README.md

User@Laptop-Home MINGW64 ~/Desktop/basics/0x00-shell_basics (master)
$ ls -la -p -m -d
./

User@Laptop-Home MINGW64 ~/Desktop/basics/0x00-shell_basics (master)
$ nano 5-listfilesdigitonly

User@Laptop-Home MINGW64 ~/Desktop/basics/0x00-shell_basics (master)
$ git add --chmod=+x -- .
warning: LF will be replaced by CRLF in 0x00-shell_basics/5-listfilesdigitonly.
The file will have its original line endings in your working directory

User@Laptop-Home MINGW64 ~/Desktop/basics/0x00-shell_basics (master)
$ git add --chmod=+x -- .

User@Laptop-Home MINGW64 ~/Desktop/basics/0x00-shell_basics (master)
$ git commit -m "added file"
[master 075d8a2] added file
 1 file changed, 2 insertions(+)
 create mode 100755 0x00-shell_basics/5-listfilesdigitonly

User@Laptop-Home MINGW64 ~/Desktop/basics/0x00-shell_basics (master)
$ git push origin master
Enumerating objects: 6, done.
Counting objects: 100% (6/6), done.
Delta compression using up to 4 threads
Compressing objects: 100% (2/2), done.
Writing objects: 100% (4/4), 361 bytes | 72.00 KiB/s, done.
Total 4 (delta 1), reused 0 (delta 0), pack-reused 0
remote: Resolving deltas: 100% (1/1), completed with 1 local object.
To https://github.com/Yitzhak-Njenga/alx-system_engineering-devops.git
   e4072e4..075d8a2  master -> master

User@Laptop-Home MINGW64 ~/Desktop/basics/0x00-shell_basics (master)
$ nano 5-listfilesdigitonly

User@Laptop-Home MINGW64 ~/Desktop/basics/0x00-shell_basics (master)
$ git add --chmod=+x -- .
warning: LF will be replaced by CRLF in 0x00-shell_basics/5-listfilesdigitonly.
The file will have its original line endings in your working directory

User@Laptop-Home MINGW64 ~/Desktop/basics/0x00-shell_basics (master)
$ git add --chmod=+x -- .

User@Laptop-Home MINGW64 ~/Desktop/basics/0x00-shell_basics (master)
$ git add --chmod=+x -- .

User@Laptop-Home MINGW64 ~/Desktop/basics/0x00-shell_basics (master)
$ git commit -m "added file"
[master 00093e2] added file
 1 file changed, 1 insertion(+), 1 deletion(-)

User@Laptop-Home MINGW64 ~/Desktop/basics/0x00-shell_basics (master)
$ git push origin master
Enumerating objects: 5, done.
Counting objects: 100% (5/5), done.
Delta compression using up to 4 threads
Compressing objects: 100% (2/2), done.
Writing objects: 100% (3/3), 287 bytes | 95.00 KiB/s, done.
Total 3 (delta 1), reused 0 (delta 0), pack-reused 0
remote: Resolving deltas: 100% (1/1), completed with 1 local object.
To https://github.com/Yitzhak-Njenga/alx-system_engineering-devops.git
   075d8a2..00093e2  master -> master

User@Laptop-Home MINGW64 ~/Desktop/basics/0x00-shell_basics (master)
$ nano 6-firstdirectory

User@Laptop-Home MINGW64 ~/Desktop/basics/0x00-shell_basics (master)
$ git add --chmod=+x -- .
warning: LF will be replaced by CRLF in 0x00-shell_basics/6-firstdirectory.
The file will have its original line endings in your working directory

User@Laptop-Home MINGW64 ~/Desktop/basics/0x00-shell_basics (master)
$ git add --chmod=+x -- .

User@Laptop-Home MINGW64 ~/Desktop/basics/0x00-shell_basics (master)
$ git commit -m "added file"
[master 8740495] added file
 1 file changed, 2 insertions(+)
 create mode 100755 0x00-shell_basics/6-firstdirectory

User@Laptop-Home MINGW64 ~/Desktop/basics/0x00-shell_basics (master)
$ git push origin master
Enumerating objects: 6, done.
Counting objects: 100% (6/6), done.
Delta compression using up to 4 threads
Compressing objects: 100% (2/2), done.
Writing objects: 100% (4/4), 368 bytes | 368.00 KiB/s, done.
Total 4 (delta 1), reused 0 (delta 0), pack-reused 0
remote: Resolving deltas: 100% (1/1), completed with 1 local object.
To https://github.com/Yitzhak-Njenga/alx-system_engineering-devops.git
   00093e2..8740495  master -> master

User@Laptop-Home MINGW64 ~/Desktop/basics/0x00-shell_basics (master)
$ nano 6-firstdirectory

User@Laptop-Home MINGW64 ~/Desktop/basics/0x00-shell_basics (master)
$ git add --chmod=+x -- .
warning: LF will be replaced by CRLF in 0x00-shell_basics/6-firstdirectory.
The file will have its original line endings in your working directory

User@Laptop-Home MINGW64 ~/Desktop/basics/0x00-shell_basics (master)
$ git add --chmod=+x -- .

User@Laptop-Home MINGW64 ~/Desktop/basics/0x00-shell_basics (master)
$ git commit -m "added file"
[master c796d06] added file
 1 file changed, 1 insertion(+), 1 deletion(-)

User@Laptop-Home MINGW64 ~/Desktop/basics/0x00-shell_basics (master)
$ git push origin master
Enumerating objects: 7, done.
Counting objects: 100% (7/7), done.
Delta compression using up to 4 threads
Compressing objects: 100% (2/2), done.
Writing objects: 100% (4/4), 356 bytes | 89.00 KiB/s, done.
Total 4 (delta 1), reused 0 (delta 0), pack-reused 0
remote: Resolving deltas: 100% (1/1), completed with 1 local object.
To https://github.com/Yitzhak-Njenga/alx-system_engineering-devops.git
   8740495..c796d06  master -> master

User@Laptop-Home MINGW64 ~/Desktop/basics/0x00-shell_basics (master)
$ nano 7-movethatfile

User@Laptop-Home MINGW64 ~/Desktop/basics/0x00-shell_basics (master)
$ git add --chmod=+x -- .
warning: LF will be replaced by CRLF in 0x00-shell_basics/7-movethatfile.
The file will have its original line endings in your working directory

User@Laptop-Home MINGW64 ~/Desktop/basics/0x00-shell_basics (master)
$ git push origin master
Everything up-to-date

User@Laptop-Home MINGW64 ~/Desktop/basics/0x00-shell_basics (master)
$ git commit -m "added file"
[master ca000bb] added file
 1 file changed, 4 insertions(+)
 create mode 100755 0x00-shell_basics/7-movethatfile

User@Laptop-Home MINGW64 ~/Desktop/basics/0x00-shell_basics (master)
$ git push origin master
Enumerating objects: 6, done.
Counting objects: 100% (6/6), done.
Delta compression using up to 4 threads
Compressing objects: 100% (3/3), done.
Writing objects: 100% (4/4), 385 bytes | 96.00 KiB/s, done.
Total 4 (delta 1), reused 0 (delta 0), pack-reused 0
remote: Resolving deltas: 100% (1/1), completed with 1 local object.
To https://github.com/Yitzhak-Njenga/alx-system_engineering-devops.git
   c796d06..ca000bb  master -> master

User@Laptop-Home MINGW64 ~/Desktop/basics/0x00-shell_basics (master)
$ nano 7-movethatfile

User@Laptop-Home MINGW64 ~/Desktop/basics/0x00-shell_basics (master)
$ git add --chmod=+x -- .
warning: LF will be replaced by CRLF in 0x00-shell_basics/7-movethatfile.
The file will have its original line endings in your working directory

User@Laptop-Home MINGW64 ~/Desktop/basics/0x00-shell_basics (master)
$ git add --chmod=+x -- .

User@Laptop-Home MINGW64 ~/Desktop/basics/0x00-shell_basics (master)
$ git commit -m "added file"
[master afee452] added file
 1 file changed, 1 insertion(+), 1 deletion(-)

User@Laptop-Home MINGW64 ~/Desktop/basics/0x00-shell_basics (master)
$ git push origin master
Enumerating objects: 7, done.
Counting objects: 100% (7/7), done.
Delta compression using up to 4 threads
Compressing objects: 100% (3/3), done.
Writing objects: 100% (4/4), 368 bytes | 122.00 KiB/s, done.
Total 4 (delta 1), reused 0 (delta 0), pack-reused 0
remote: Resolving deltas: 100% (1/1), completed with 1 local object.
To https://github.com/Yitzhak-Njenga/alx-system_engineering-devops.git
   ca000bb..afee452  master -> master

User@Laptop-Home MINGW64 ~/Desktop/basics/0x00-shell_basics (master)
$ nano 7-movethatfile

User@Laptop-Home MINGW64 ~/Desktop/basics/0x00-shell_basics (master)
$ git add --chmod=+x -- .
warning: LF will be replaced by CRLF in 0x00-shell_basics/7-movethatfile.
The file will have its original line endings in your working directory

User@Laptop-Home MINGW64 ~/Desktop/basics/0x00-shell_basics (master)
$ git add --chmod=+x -- .

User@Laptop-Home MINGW64 ~/Desktop/basics/0x00-shell_basics (master)
$ git commit -m "added file"
[master 99f07fa] added file
 1 file changed, 1 deletion(-)

User@Laptop-Home MINGW64 ~/Desktop/basics/0x00-shell_basics (master)
$ git push origin master
Enumerating objects: 7, done.
Counting objects: 100% (7/7), done.
Delta compression using up to 4 threads
Compressing objects: 100% (3/3), done.
Writing objects: 100% (4/4), 339 bytes | 169.00 KiB/s, done.
Total 4 (delta 2), reused 0 (delta 0), pack-reused 0
remote: Resolving deltas: 100% (2/2), completed with 2 local objects.
To https://github.com/Yitzhak-Njenga/alx-system_engineering-devops.git
   afee452..99f07fa  master -> master

User@Laptop-Home MINGW64 ~/Desktop/basics/0x00-shell_basics (master)
$ nano 7-movethatfile

User@Laptop-Home MINGW64 ~/Desktop/basics/0x00-shell_basics (master)
$ git add --chmod=+x -- .
warning: LF will be replaced by CRLF in 0x00-shell_basics/7-movethatfile.
The file will have its original line endings in your working directory

User@Laptop-Home MINGW64 ~/Desktop/basics/0x00-shell_basics (master)
$ git add --chmod=+x -- .

User@Laptop-Home MINGW64 ~/Desktop/basics/0x00-shell_basics (master)
$ git commit -m "added file"
[master d41142c] added file
 1 file changed, 1 deletion(-)

User@Laptop-Home MINGW64 ~/Desktop/basics/0x00-shell_basics (master)
$ git push origin master
Enumerating objects: 7, done.
Counting objects: 100% (7/7), done.
Delta compression using up to 4 threads
Compressing objects: 100% (3/3), done.
Writing objects: 100% (4/4), 360 bytes | 72.00 KiB/s, done.
Total 4 (delta 1), reused 0 (delta 0), pack-reused 0
remote: Resolving deltas: 100% (1/1), completed with 1 local object.
To https://github.com/Yitzhak-Njenga/alx-system_engineering-devops.git
   99f07fa..d41142c  master -> master

User@Laptop-Home MINGW64 ~/Desktop/basics/0x00-shell_basics (master)
$ nano 8-firstdelete

User@Laptop-Home MINGW64 ~/Desktop/basics/0x00-shell_basics (master)
$ git add --chmod=+x -- .
warning: LF will be replaced by CRLF in 0x00-shell_basics/8-firstdelete.
The file will have its original line endings in your working directory

User@Laptop-Home MINGW64 ~/Desktop/basics/0x00-shell_basics (master)
$ git add --chmod=+x -- .

User@Laptop-Home MINGW64 ~/Desktop/basics/0x00-shell_basics (master)
$ git commit -m "added file"
[master c1c7342] added file
 1 file changed, 2 insertions(+)
 create mode 100755 0x00-shell_basics/8-firstdelete

User@Laptop-Home MINGW64 ~/Desktop/basics/0x00-shell_basics (master)
$ git push origin master
Enumerating objects: 6, done.
Counting objects: 100% (6/6), done.
Delta compression using up to 4 threads
Compressing objects: 100% (2/2), done.
Writing objects: 100% (4/4), 377 bytes | 94.00 KiB/s, done.
Total 4 (delta 1), reused 0 (delta 0), pack-reused 0
remote: Resolving deltas: 100% (1/1), completed with 1 local object.
To https://github.com/Yitzhak-Njenga/alx-system_engineering-devops.git
   d41142c..c1c7342  master -> master

User@Laptop-Home MINGW64 ~/Desktop/basics/0x00-shell_basics (master)
$ nano 8-firstdelete

User@Laptop-Home MINGW64 ~/Desktop/basics/0x00-shell_basics (master)
$ git add --chmod=+x -- .
warning: LF will be replaced by CRLF in 0x00-shell_basics/8-firstdelete.
The file will have its original line endings in your working directory

User@Laptop-Home MINGW64 ~/Desktop/basics/0x00-shell_basics (master)
$ git add --chmod=+x -- .

User@Laptop-Home MINGW64 ~/Desktop/basics/0x00-shell_basics (master)
$ git push origin master
Everything up-to-date

User@Laptop-Home MINGW64 ~/Desktop/basics/0x00-shell_basics (master)
$ git add --chmod=+x -- .

User@Laptop-Home MINGW64 ~/Desktop/basics/0x00-shell_basics (master)
$ git commit -m "added file"
[master df2b94f] added file
 1 file changed, 1 insertion(+), 1 deletion(-)

User@Laptop-Home MINGW64 ~/Desktop/basics/0x00-shell_basics (master)
$ git push origin master
Enumerating objects: 7, done.
Counting objects: 100% (7/7), done.
Delta compression using up to 4 threads
Compressing objects: 100% (2/2), done.
Writing objects: 100% (4/4), 364 bytes | 121.00 KiB/s, done.
Total 4 (delta 1), reused 0 (delta 0), pack-reused 0
remote: Resolving deltas: 100% (1/1), completed with 1 local object.
To https://github.com/Yitzhak-Njenga/alx-system_engineering-devops.git
   c1c7342..df2b94f  master -> master

User@Laptop-Home MINGW64 ~/Desktop/basics/0x00-shell_basics (master)
$ nano 9-firstdirdelation

User@Laptop-Home MINGW64 ~/Desktop/basics/0x00-shell_basics (master)
$ git add --chmod=+x -- .
warning: LF will be replaced by CRLF in 0x00-shell_basics/9-firstdirdelation.
The file will have its original line endings in your working directory

User@Laptop-Home MINGW64 ~/Desktop/basics/0x00-shell_basics (master)
$ git add --chmod=+x -- .

User@Laptop-Home MINGW64 ~/Desktop/basics/0x00-shell_basics (master)
$ git commit -m "added file"
[master 6ba4094] added file
 1 file changed, 2 insertions(+)
 create mode 100755 0x00-shell_basics/9-firstdirdelation

User@Laptop-Home MINGW64 ~/Desktop/basics/0x00-shell_basics (master)
$ git push origin master
Enumerating objects: 6, done.
Counting objects: 100% (6/6), done.
Delta compression using up to 4 threads
Compressing objects: 100% (2/2), done.
Writing objects: 100% (4/4), 378 bytes | 94.00 KiB/s, done.
Total 4 (delta 1), reused 0 (delta 0), pack-reused 0
remote: Resolving deltas: 100% (1/1), completed with 1 local object.
To https://github.com/Yitzhak-Njenga/alx-system_engineering-devops.git
   df2b94f..6ba4094  master -> master

User@Laptop-Home MINGW64 ~/Desktop/basics/0x00-shell_basics (master)
$ nano

